21:26:46 **** Build of configuration Debug for project DUT_F411VET6 ****
make -j16 all 
arm-none-eabi-gcc "../FreeRTOS/portable/GCC/ARM_CM4F/port.c" -mcpu=cortex-m4 -std=gnu11 -g3 -DDEBUG -DSTM32F411xE -DUSE_FULL_LL_DRIVER -DHSE_VALUE=8000000 -DHSE_STARTUP_TIMEOUT=100 -DLSE_STARTUP_TIMEOUT=5000 -DLSE_VALUE=32768 -DEXTERNAL_CLOCK_VALUE=12288000 -DHSI_VALUE=16000000 -DLSI_VALUE=32000 -DVDD_VALUE=3300 -DPREFETCH_ENABLE=1 -DINSTRUCTION_CACHE_ENABLE=1 -DDATA_CACHE_ENABLE=1 -c -I../Core/Inc -I../Drivers/STM32F4xx_HAL_Driver/Inc -I../Drivers/CMSIS/Device/ST/STM32F4xx/Include -I../Drivers/CMSIS/Include -I"F:/NAM4/Custom_bootloader_external/DUT_F411VET6/Application/i2c_cmsis_lib" -I"F:/NAM4/Custom_bootloader_external/DUT_F411VET6/Application" -I"F:/NAM4/Custom_bootloader_external/DUT_F411VET6/Application/RTC_DS3231_LIB" -I"F:/NAM4/Custom_bootloader_external/DUT_F411VET6/Application/UART_LOG" -I"F:/NAM4/Custom_bootloader_external/DUT_F411VET6/FreeRTOS/include" -I"F:/NAM4/Custom_bootloader_external/DUT_F411VET6/FreeRTOS/portable/GCC/ARM_CM4F" -I"F:/NAM4/Custom_bootloader_external/DUT_F411VET6/Application/Task_for_testing" -I"F:/NAM4/Custom_bootloader_external/DUT_F411VET6/Application/SPI_LL" -I"F:/NAM4/Custom_bootloader_external/DUT_F411VET6/Application/mcp2515" -I"F:/NAM4/Custom_bootloader_external/DUT_F411VET6/Application/canspi" -I"F:/NAM4/Custom_bootloader_external/DUT_F411VET6/Application/uart_bk" -I"F:/NAM4/Custom_bootloader_external/DUT_F411VET6/Application/Test_case" -O0 -ffunction-sections -fdata-sections -Wall -fstack-usage -fcyclomatic-complexity -MMD -MP -MF"FreeRTOS/portable/GCC/ARM_CM4F/port.d" -MT"FreeRTOS/portable/GCC/ARM_CM4F/port.o" --specs=nano.specs -mfpu=fpv4-sp-d16 -mfloat-abi=hard -mthumb -o "FreeRTOS/portable/GCC/ARM_CM4F/port.o"
arm-none-eabi-gcc "../FreeRTOS/portable/heap_4.c" -mcpu=cortex-m4 -std=gnu11 -g3 -DDEBUG -DSTM32F411xE -DUSE_FULL_LL_DRIVER -DHSE_VALUE=8000000 -DHSE_STARTUP_TIMEOUT=100 -DLSE_STARTUP_TIMEOUT=5000 -DLSE_VALUE=32768 -DEXTERNAL_CLOCK_VALUE=12288000 -DHSI_VALUE=16000000 -DLSI_VALUE=32000 -DVDD_VALUE=3300 -DPREFETCH_ENABLE=1 -DINSTRUCTION_CACHE_ENABLE=1 -DDATA_CACHE_ENABLE=1 -c -I../Core/Inc -I../Drivers/STM32F4xx_HAL_Driver/Inc -I../Drivers/CMSIS/Device/ST/STM32F4xx/Include -I../Drivers/CMSIS/Include -I"F:/NAM4/Custom_bootloader_external/DUT_F411VET6/Application/i2c_cmsis_lib" -I"F:/NAM4/Custom_bootloader_external/DUT_F411VET6/Application" -I"F:/NAM4/Custom_bootloader_external/DUT_F411VET6/Application/RTC_DS3231_LIB" -I"F:/NAM4/Custom_bootloader_external/DUT_F411VET6/Application/UART_LOG" -I"F:/NAM4/Custom_bootloader_external/DUT_F411VET6/FreeRTOS/include" -I"F:/NAM4/Custom_bootloader_external/DUT_F411VET6/FreeRTOS/portable/GCC/ARM_CM4F" -I"F:/NAM4/Custom_bootloader_external/DUT_F411VET6/Application/Task_for_testing" -I"F:/NAM4/Custom_bootloader_external/DUT_F411VET6/Application/SPI_LL" -I"F:/NAM4/Custom_bootloader_external/DUT_F411VET6/Application/mcp2515" -I"F:/NAM4/Custom_bootloader_external/DUT_F411VET6/Application/canspi" -I"F:/NAM4/Custom_bootloader_external/DUT_F411VET6/Application/uart_bk" -I"F:/NAM4/Custom_bootloader_external/DUT_F411VET6/Application/Test_case" -O0 -ffunction-sections -fdata-sections -Wall -fstack-usage -fcyclomatic-complexity -MMD -MP -MF"FreeRTOS/portable/heap_4.d" -MT"FreeRTOS/portable/heap_4.o" --specs=nano.specs -mfpu=fpv4-sp-d16 -mfloat-abi=hard -mthumb -o "FreeRTOS/portable/heap_4.o"
arm-none-eabi-gcc "../FreeRTOS/croutine.c" -mcpu=cortex-m4 -std=gnu11 -g3 -DDEBUG -DSTM32F411xE -DUSE_FULL_LL_DRIVER -DHSE_VALUE=8000000 -DHSE_STARTUP_TIMEOUT=100 -DLSE_STARTUP_TIMEOUT=5000 -DLSE_VALUE=32768 -DEXTERNAL_CLOCK_VALUE=12288000 -DHSI_VALUE=16000000 -DLSI_VALUE=32000 -DVDD_VALUE=3300 -DPREFETCH_ENABLE=1 -DINSTRUCTION_CACHE_ENABLE=1 -DDATA_CACHE_ENABLE=1 -c -I../Core/Inc -I../Drivers/STM32F4xx_HAL_Driver/Inc -I../Drivers/CMSIS/Device/ST/STM32F4xx/Include -I../Drivers/CMSIS/Include -I"F:/NAM4/Custom_bootloader_external/DUT_F411VET6/Application/i2c_cmsis_lib" -I"F:/NAM4/Custom_bootloader_external/DUT_F411VET6/Application" -I"F:/NAM4/Custom_bootloader_external/DUT_F411VET6/Application/RTC_DS3231_LIB" -I"F:/NAM4/Custom_bootloader_external/DUT_F411VET6/Application/UART_LOG" -I"F:/NAM4/Custom_bootloader_external/DUT_F411VET6/FreeRTOS/include" -I"F:/NAM4/Custom_bootloader_external/DUT_F411VET6/FreeRTOS/portable/GCC/ARM_CM4F" -I"F:/NAM4/Custom_bootloader_external/DUT_F411VET6/Application/Task_for_testing" -I"F:/NAM4/Custom_bootloader_external/DUT_F411VET6/Application/SPI_LL" -I"F:/NAM4/Custom_bootloader_external/DUT_F411VET6/Application/mcp2515" -I"F:/NAM4/Custom_bootloader_external/DUT_F411VET6/Application/canspi" -I"F:/NAM4/Custom_bootloader_external/DUT_F411VET6/Application/uart_bk" -I"F:/NAM4/Custom_bootloader_external/DUT_F411VET6/Application/Test_case" -O0 -ffunction-sections -fdata-sections -Wall -fstack-usage -fcyclomatic-complexity -MMD -MP -MF"FreeRTOS/croutine.d" -MT"FreeRTOS/croutine.o" --specs=nano.specs -mfpu=fpv4-sp-d16 -mfloat-abi=hard -mthumb -o "FreeRTOS/croutine.o"
arm-none-eabi-gcc "../FreeRTOS/event_groups.c" -mcpu=cortex-m4 -std=gnu11 -g3 -DDEBUG -DSTM32F411xE -DUSE_FULL_LL_DRIVER -DHSE_VALUE=8000000 -DHSE_STARTUP_TIMEOUT=100 -DLSE_STARTUP_TIMEOUT=5000 -DLSE_VALUE=32768 -DEXTERNAL_CLOCK_VALUE=12288000 -DHSI_VALUE=16000000 -DLSI_VALUE=32000 -DVDD_VALUE=3300 -DPREFETCH_ENABLE=1 -DINSTRUCTION_CACHE_ENABLE=1 -DDATA_CACHE_ENABLE=1 -c -I../Core/Inc -I../Drivers/STM32F4xx_HAL_Driver/Inc -I../Drivers/CMSIS/Device/ST/STM32F4xx/Include -I../Drivers/CMSIS/Include -I"F:/NAM4/Custom_bootloader_external/DUT_F411VET6/Application/i2c_cmsis_lib" -I"F:/NAM4/Custom_bootloader_external/DUT_F411VET6/Application" -I"F:/NAM4/Custom_bootloader_external/DUT_F411VET6/Application/RTC_DS3231_LIB" -I"F:/NAM4/Custom_bootloader_external/DUT_F411VET6/Application/UART_LOG" -I"F:/NAM4/Custom_bootloader_external/DUT_F411VET6/FreeRTOS/include" -I"F:/NAM4/Custom_bootloader_external/DUT_F411VET6/FreeRTOS/portable/GCC/ARM_CM4F" -I"F:/NAM4/Custom_bootloader_external/DUT_F411VET6/Application/Task_for_testing" -I"F:/NAM4/Custom_bootloader_external/DUT_F411VET6/Application/SPI_LL" -I"F:/NAM4/Custom_bootloader_external/DUT_F411VET6/Application/mcp2515" -I"F:/NAM4/Custom_bootloader_external/DUT_F411VET6/Application/canspi" -I"F:/NAM4/Custom_bootloader_external/DUT_F411VET6/Application/uart_bk" -I"F:/NAM4/Custom_bootloader_external/DUT_F411VET6/Application/Test_case" -O0 -ffunction-sections -fdata-sections -Wall -fstack-usage -fcyclomatic-complexity -MMD -MP -MF"FreeRTOS/event_groups.d" -MT"FreeRTOS/event_groups.o" --specs=nano.specs -mfpu=fpv4-sp-d16 -mfloat-abi=hard -mthumb -o "FreeRTOS/event_groups.o"
arm-none-eabi-gcc "../FreeRTOS/list.c" -mcpu=cortex-m4 -std=gnu11 -g3 -DDEBUG -DSTM32F411xE -DUSE_FULL_LL_DRIVER -DHSE_VALUE=8000000 -DHSE_STARTUP_TIMEOUT=100 -DLSE_STARTUP_TIMEOUT=5000 -DLSE_VALUE=32768 -DEXTERNAL_CLOCK_VALUE=12288000 -DHSI_VALUE=16000000 -DLSI_VALUE=32000 -DVDD_VALUE=3300 -DPREFETCH_ENABLE=1 -DINSTRUCTION_CACHE_ENABLE=1 -DDATA_CACHE_ENABLE=1 -c -I../Core/Inc -I../Drivers/STM32F4xx_HAL_Driver/Inc -I../Drivers/CMSIS/Device/ST/STM32F4xx/Include -I../Drivers/CMSIS/Include -I"F:/NAM4/Custom_bootloader_external/DUT_F411VET6/Application/i2c_cmsis_lib" -I"F:/NAM4/Custom_bootloader_external/DUT_F411VET6/Application" -I"F:/NAM4/Custom_bootloader_external/DUT_F411VET6/Application/RTC_DS3231_LIB" -I"F:/NAM4/Custom_bootloader_external/DUT_F411VET6/Application/UART_LOG" -I"F:/NAM4/Custom_bootloader_external/DUT_F411VET6/FreeRTOS/include" -I"F:/NAM4/Custom_bootloader_external/DUT_F411VET6/FreeRTOS/portable/GCC/ARM_CM4F" -I"F:/NAM4/Custom_bootloader_external/DUT_F411VET6/Application/Task_for_testing" -I"F:/NAM4/Custom_bootloader_external/DUT_F411VET6/Application/SPI_LL" -I"F:/NAM4/Custom_bootloader_external/DUT_F411VET6/Application/mcp2515" -I"F:/NAM4/Custom_bootloader_external/DUT_F411VET6/Application/canspi" -I"F:/NAM4/Custom_bootloader_external/DUT_F411VET6/Application/uart_bk" -I"F:/NAM4/Custom_bootloader_external/DUT_F411VET6/Application/Test_case" -O0 -ffunction-sections -fdata-sections -Wall -fstack-usage -fcyclomatic-complexity -MMD -MP -MF"FreeRTOS/list.d" -MT"FreeRTOS/list.o" --specs=nano.specs -mfpu=fpv4-sp-d16 -mfloat-abi=hard -mthumb -o "FreeRTOS/list.o"
arm-none-eabi-gcc "../FreeRTOS/queue.c" -mcpu=cortex-m4 -std=gnu11 -g3 -DDEBUG -DSTM32F411xE -DUSE_FULL_LL_DRIVER -DHSE_VALUE=8000000 -DHSE_STARTUP_TIMEOUT=100 -DLSE_STARTUP_TIMEOUT=5000 -DLSE_VALUE=32768 -DEXTERNAL_CLOCK_VALUE=12288000 -DHSI_VALUE=16000000 -DLSI_VALUE=32000 -DVDD_VALUE=3300 -DPREFETCH_ENABLE=1 -DINSTRUCTION_CACHE_ENABLE=1 -DDATA_CACHE_ENABLE=1 -c -I../Core/Inc -I../Drivers/STM32F4xx_HAL_Driver/Inc -I../Drivers/CMSIS/Device/ST/STM32F4xx/Include -I../Drivers/CMSIS/Include -I"F:/NAM4/Custom_bootloader_external/DUT_F411VET6/Application/i2c_cmsis_lib" -I"F:/NAM4/Custom_bootloader_external/DUT_F411VET6/Application" -I"F:/NAM4/Custom_bootloader_external/DUT_F411VET6/Application/RTC_DS3231_LIB" -I"F:/NAM4/Custom_bootloader_external/DUT_F411VET6/Application/UART_LOG" -I"F:/NAM4/Custom_bootloader_external/DUT_F411VET6/FreeRTOS/include" -I"F:/NAM4/Custom_bootloader_external/DUT_F411VET6/FreeRTOS/portable/GCC/ARM_CM4F" -I"F:/NAM4/Custom_bootloader_external/DUT_F411VET6/Application/Task_for_testing" -I"F:/NAM4/Custom_bootloader_external/DUT_F411VET6/Application/SPI_LL" -I"F:/NAM4/Custom_bootloader_external/DUT_F411VET6/Application/mcp2515" -I"F:/NAM4/Custom_bootloader_external/DUT_F411VET6/Application/canspi" -I"F:/NAM4/Custom_bootloader_external/DUT_F411VET6/Application/uart_bk" -I"F:/NAM4/Custom_bootloader_external/DUT_F411VET6/Application/Test_case" -O0 -ffunction-sections -fdata-sections -Wall -fstack-usage -fcyclomatic-complexity -MMD -MP -MF"FreeRTOS/queue.d" -MT"FreeRTOS/queue.o" --specs=nano.specs -mfpu=fpv4-sp-d16 -mfloat-abi=hard -mthumb -o "FreeRTOS/queue.o"
arm-none-eabi-gcc "../FreeRTOS/stream_buffer.c" -mcpu=cortex-m4 -std=gnu11 -g3 -DDEBUG -DSTM32F411xE -DUSE_FULL_LL_DRIVER -DHSE_VALUE=8000000 -DHSE_STARTUP_TIMEOUT=100 -DLSE_STARTUP_TIMEOUT=5000 -DLSE_VALUE=32768 -DEXTERNAL_CLOCK_VALUE=12288000 -DHSI_VALUE=16000000 -DLSI_VALUE=32000 -DVDD_VALUE=3300 -DPREFETCH_ENABLE=1 -DINSTRUCTION_CACHE_ENABLE=1 -DDATA_CACHE_ENABLE=1 -c -I../Core/Inc -I../Drivers/STM32F4xx_HAL_Driver/Inc -I../Drivers/CMSIS/Device/ST/STM32F4xx/Include -I../Drivers/CMSIS/Include -I"F:/NAM4/Custom_bootloader_external/DUT_F411VET6/Application/i2c_cmsis_lib" -I"F:/NAM4/Custom_bootloader_external/DUT_F411VET6/Application" -I"F:/NAM4/Custom_bootloader_external/DUT_F411VET6/Application/RTC_DS3231_LIB" -I"F:/NAM4/Custom_bootloader_external/DUT_F411VET6/Application/UART_LOG" -I"F:/NAM4/Custom_bootloader_external/DUT_F411VET6/FreeRTOS/include" -I"F:/NAM4/Custom_bootloader_external/DUT_F411VET6/FreeRTOS/portable/GCC/ARM_CM4F" -I"F:/NAM4/Custom_bootloader_external/DUT_F411VET6/Application/Task_for_testing" -I"F:/NAM4/Custom_bootloader_external/DUT_F411VET6/Application/SPI_LL" -I"F:/NAM4/Custom_bootloader_external/DUT_F411VET6/Application/mcp2515" -I"F:/NAM4/Custom_bootloader_external/DUT_F411VET6/Application/canspi" -I"F:/NAM4/Custom_bootloader_external/DUT_F411VET6/Application/uart_bk" -I"F:/NAM4/Custom_bootloader_external/DUT_F411VET6/Application/Test_case" -O0 -ffunction-sections -fdata-sections -Wall -fstack-usage -fcyclomatic-complexity -MMD -MP -MF"FreeRTOS/stream_buffer.d" -MT"FreeRTOS/stream_buffer.o" --specs=nano.specs -mfpu=fpv4-sp-d16 -mfloat-abi=hard -mthumb -o "FreeRTOS/stream_buffer.o"
arm-none-eabi-gcc "../FreeRTOS/tasks.c" -mcpu=cortex-m4 -std=gnu11 -g3 -DDEBUG -DSTM32F411xE -DUSE_FULL_LL_DRIVER -DHSE_VALUE=8000000 -DHSE_STARTUP_TIMEOUT=100 -DLSE_STARTUP_TIMEOUT=5000 -DLSE_VALUE=32768 -DEXTERNAL_CLOCK_VALUE=12288000 -DHSI_VALUE=16000000 -DLSI_VALUE=32000 -DVDD_VALUE=3300 -DPREFETCH_ENABLE=1 -DINSTRUCTION_CACHE_ENABLE=1 -DDATA_CACHE_ENABLE=1 -c -I../Core/Inc -I../Drivers/STM32F4xx_HAL_Driver/Inc -I../Drivers/CMSIS/Device/ST/STM32F4xx/Include -I../Drivers/CMSIS/Include -I"F:/NAM4/Custom_bootloader_external/DUT_F411VET6/Application/i2c_cmsis_lib" -I"F:/NAM4/Custom_bootloader_external/DUT_F411VET6/Application" -I"F:/NAM4/Custom_bootloader_external/DUT_F411VET6/Application/RTC_DS3231_LIB" -I"F:/NAM4/Custom_bootloader_external/DUT_F411VET6/Application/UART_LOG" -I"F:/NAM4/Custom_bootloader_external/DUT_F411VET6/FreeRTOS/include" -I"F:/NAM4/Custom_bootloader_external/DUT_F411VET6/FreeRTOS/portable/GCC/ARM_CM4F" -I"F:/NAM4/Custom_bootloader_external/DUT_F411VET6/Application/Task_for_testing" -I"F:/NAM4/Custom_bootloader_external/DUT_F411VET6/Application/SPI_LL" -I"F:/NAM4/Custom_bootloader_external/DUT_F411VET6/Application/mcp2515" -I"F:/NAM4/Custom_bootloader_external/DUT_F411VET6/Application/canspi" -I"F:/NAM4/Custom_bootloader_external/DUT_F411VET6/Application/uart_bk" -I"F:/NAM4/Custom_bootloader_external/DUT_F411VET6/Application/Test_case" -O0 -ffunction-sections -fdata-sections -Wall -fstack-usage -fcyclomatic-complexity -MMD -MP -MF"FreeRTOS/tasks.d" -MT"FreeRTOS/tasks.o" --specs=nano.specs -mfpu=fpv4-sp-d16 -mfloat-abi=hard -mthumb -o "FreeRTOS/tasks.o"
arm-none-eabi-gcc "../FreeRTOS/timers.c" -mcpu=cortex-m4 -std=gnu11 -g3 -DDEBUG -DSTM32F411xE -DUSE_FULL_LL_DRIVER -DHSE_VALUE=8000000 -DHSE_STARTUP_TIMEOUT=100 -DLSE_STARTUP_TIMEOUT=5000 -DLSE_VALUE=32768 -DEXTERNAL_CLOCK_VALUE=12288000 -DHSI_VALUE=16000000 -DLSI_VALUE=32000 -DVDD_VALUE=3300 -DPREFETCH_ENABLE=1 -DINSTRUCTION_CACHE_ENABLE=1 -DDATA_CACHE_ENABLE=1 -c -I../Core/Inc -I../Drivers/STM32F4xx_HAL_Driver/Inc -I../Drivers/CMSIS/Device/ST/STM32F4xx/Include -I../Drivers/CMSIS/Include -I"F:/NAM4/Custom_bootloader_external/DUT_F411VET6/Application/i2c_cmsis_lib" -I"F:/NAM4/Custom_bootloader_external/DUT_F411VET6/Application" -I"F:/NAM4/Custom_bootloader_external/DUT_F411VET6/Application/RTC_DS3231_LIB" -I"F:/NAM4/Custom_bootloader_external/DUT_F411VET6/Application/UART_LOG" -I"F:/NAM4/Custom_bootloader_external/DUT_F411VET6/FreeRTOS/include" -I"F:/NAM4/Custom_bootloader_external/DUT_F411VET6/FreeRTOS/portable/GCC/ARM_CM4F" -I"F:/NAM4/Custom_bootloader_external/DUT_F411VET6/Application/Task_for_testing" -I"F:/NAM4/Custom_bootloader_external/DUT_F411VET6/Application/SPI_LL" -I"F:/NAM4/Custom_bootloader_external/DUT_F411VET6/Application/mcp2515" -I"F:/NAM4/Custom_bootloader_external/DUT_F411VET6/Application/canspi" -I"F:/NAM4/Custom_bootloader_external/DUT_F411VET6/Application/uart_bk" -I"F:/NAM4/Custom_bootloader_external/DUT_F411VET6/Application/Test_case" -O0 -ffunction-sections -fdata-sections -Wall -fstack-usage -fcyclomatic-complexity -MMD -MP -MF"FreeRTOS/timers.d" -MT"FreeRTOS/timers.o" --specs=nano.specs -mfpu=fpv4-sp-d16 -mfloat-abi=hard -mthumb -o "FreeRTOS/timers.o"
arm-none-eabi-gcc "../Drivers/STM32F4xx_HAL_Driver/Src/stm32f4xx_ll_dma.c" -mcpu=cortex-m4 -std=gnu11 -g3 -DDEBUG -DSTM32F411xE -DUSE_FULL_LL_DRIVER -DHSE_VALUE=8000000 -DHSE_STARTUP_TIMEOUT=100 -DLSE_STARTUP_TIMEOUT=5000 -DLSE_VALUE=32768 -DEXTERNAL_CLOCK_VALUE=12288000 -DHSI_VALUE=16000000 -DLSI_VALUE=32000 -DVDD_VALUE=3300 -DPREFETCH_ENABLE=1 -DINSTRUCTION_CACHE_ENABLE=1 -DDATA_CACHE_ENABLE=1 -c -I../Core/Inc -I../Drivers/STM32F4xx_HAL_Driver/Inc -I../Drivers/CMSIS/Device/ST/STM32F4xx/Include -I../Drivers/CMSIS/Include -I"F:/NAM4/Custom_bootloader_external/DUT_F411VET6/Application/i2c_cmsis_lib" -I"F:/NAM4/Custom_bootloader_external/DUT_F411VET6/Application" -I"F:/NAM4/Custom_bootloader_external/DUT_F411VET6/Application/RTC_DS3231_LIB" -I"F:/NAM4/Custom_bootloader_external/DUT_F411VET6/Application/UART_LOG" -I"F:/NAM4/Custom_bootloader_external/DUT_F411VET6/FreeRTOS/include" -I"F:/NAM4/Custom_bootloader_external/DUT_F411VET6/FreeRTOS/portable/GCC/ARM_CM4F" -I"F:/NAM4/Custom_bootloader_external/DUT_F411VET6/Application/Task_for_testing" -I"F:/NAM4/Custom_bootloader_external/DUT_F411VET6/Application/SPI_LL" -I"F:/NAM4/Custom_bootloader_external/DUT_F411VET6/Application/mcp2515" -I"F:/NAM4/Custom_bootloader_external/DUT_F411VET6/Application/canspi" -I"F:/NAM4/Custom_bootloader_external/DUT_F411VET6/Application/uart_bk" -I"F:/NAM4/Custom_bootloader_external/DUT_F411VET6/Application/Test_case" -O0 -ffunction-sections -fdata-sections -Wall -fstack-usage -fcyclomatic-complexity -MMD -MP -MF"Drivers/STM32F4xx_HAL_Driver/Src/stm32f4xx_ll_dma.d" -MT"Drivers/STM32F4xx_HAL_Driver/Src/stm32f4xx_ll_dma.o" --specs=nano.specs -mfpu=fpv4-sp-d16 -mfloat-abi=hard -mthumb -o "Drivers/STM32F4xx_HAL_Driver/Src/stm32f4xx_ll_dma.o"
arm-none-eabi-gcc "../Drivers/STM32F4xx_HAL_Driver/Src/stm32f4xx_ll_exti.c" -mcpu=cortex-m4 -std=gnu11 -g3 -DDEBUG -DSTM32F411xE -DUSE_FULL_LL_DRIVER -DHSE_VALUE=8000000 -DHSE_STARTUP_TIMEOUT=100 -DLSE_STARTUP_TIMEOUT=5000 -DLSE_VALUE=32768 -DEXTERNAL_CLOCK_VALUE=12288000 -DHSI_VALUE=16000000 -DLSI_VALUE=32000 -DVDD_VALUE=3300 -DPREFETCH_ENABLE=1 -DINSTRUCTION_CACHE_ENABLE=1 -DDATA_CACHE_ENABLE=1 -c -I../Core/Inc -I../Drivers/STM32F4xx_HAL_Driver/Inc -I../Drivers/CMSIS/Device/ST/STM32F4xx/Include -I../Drivers/CMSIS/Include -I"F:/NAM4/Custom_bootloader_external/DUT_F411VET6/Application/i2c_cmsis_lib" -I"F:/NAM4/Custom_bootloader_external/DUT_F411VET6/Application" -I"F:/NAM4/Custom_bootloader_external/DUT_F411VET6/Application/RTC_DS3231_LIB" -I"F:/NAM4/Custom_bootloader_external/DUT_F411VET6/Application/UART_LOG" -I"F:/NAM4/Custom_bootloader_external/DUT_F411VET6/FreeRTOS/include" -I"F:/NAM4/Custom_bootloader_external/DUT_F411VET6/FreeRTOS/portable/GCC/ARM_CM4F" -I"F:/NAM4/Custom_bootloader_external/DUT_F411VET6/Application/Task_for_testing" -I"F:/NAM4/Custom_bootloader_external/DUT_F411VET6/Application/SPI_LL" -I"F:/NAM4/Custom_bootloader_external/DUT_F411VET6/Application/mcp2515" -I"F:/NAM4/Custom_bootloader_external/DUT_F411VET6/Application/canspi" -I"F:/NAM4/Custom_bootloader_external/DUT_F411VET6/Application/uart_bk" -I"F:/NAM4/Custom_bootloader_external/DUT_F411VET6/Application/Test_case" -O0 -ffunction-sections -fdata-sections -Wall -fstack-usage -fcyclomatic-complexity -MMD -MP -MF"Drivers/STM32F4xx_HAL_Driver/Src/stm32f4xx_ll_exti.d" -MT"Drivers/STM32F4xx_HAL_Driver/Src/stm32f4xx_ll_exti.o" --specs=nano.specs -mfpu=fpv4-sp-d16 -mfloat-abi=hard -mthumb -o "Drivers/STM32F4xx_HAL_Driver/Src/stm32f4xx_ll_exti.o"
arm-none-eabi-gcc "../Drivers/STM32F4xx_HAL_Driver/Src/stm32f4xx_ll_gpio.c" -mcpu=cortex-m4 -std=gnu11 -g3 -DDEBUG -DSTM32F411xE -DUSE_FULL_LL_DRIVER -DHSE_VALUE=8000000 -DHSE_STARTUP_TIMEOUT=100 -DLSE_STARTUP_TIMEOUT=5000 -DLSE_VALUE=32768 -DEXTERNAL_CLOCK_VALUE=12288000 -DHSI_VALUE=16000000 -DLSI_VALUE=32000 -DVDD_VALUE=3300 -DPREFETCH_ENABLE=1 -DINSTRUCTION_CACHE_ENABLE=1 -DDATA_CACHE_ENABLE=1 -c -I../Core/Inc -I../Drivers/STM32F4xx_HAL_Driver/Inc -I../Drivers/CMSIS/Device/ST/STM32F4xx/Include -I../Drivers/CMSIS/Include -I"F:/NAM4/Custom_bootloader_external/DUT_F411VET6/Application/i2c_cmsis_lib" -I"F:/NAM4/Custom_bootloader_external/DUT_F411VET6/Application" -I"F:/NAM4/Custom_bootloader_external/DUT_F411VET6/Application/RTC_DS3231_LIB" -I"F:/NAM4/Custom_bootloader_external/DUT_F411VET6/Application/UART_LOG" -I"F:/NAM4/Custom_bootloader_external/DUT_F411VET6/FreeRTOS/include" -I"F:/NAM4/Custom_bootloader_external/DUT_F411VET6/FreeRTOS/portable/GCC/ARM_CM4F" -I"F:/NAM4/Custom_bootloader_external/DUT_F411VET6/Application/Task_for_testing" -I"F:/NAM4/Custom_bootloader_external/DUT_F411VET6/Application/SPI_LL" -I"F:/NAM4/Custom_bootloader_external/DUT_F411VET6/Application/mcp2515" -I"F:/NAM4/Custom_bootloader_external/DUT_F411VET6/Application/canspi" -I"F:/NAM4/Custom_bootloader_external/DUT_F411VET6/Application/uart_bk" -I"F:/NAM4/Custom_bootloader_external/DUT_F411VET6/Application/Test_case" -O0 -ffunction-sections -fdata-sections -Wall -fstack-usage -fcyclomatic-complexity -MMD -MP -MF"Drivers/STM32F4xx_HAL_Driver/Src/stm32f4xx_ll_gpio.d" -MT"Drivers/STM32F4xx_HAL_Driver/Src/stm32f4xx_ll_gpio.o" --specs=nano.specs -mfpu=fpv4-sp-d16 -mfloat-abi=hard -mthumb -o "Drivers/STM32F4xx_HAL_Driver/Src/stm32f4xx_ll_gpio.o"
arm-none-eabi-gcc "../Drivers/STM32F4xx_HAL_Driver/Src/stm32f4xx_ll_i2c.c" -mcpu=cortex-m4 -std=gnu11 -g3 -DDEBUG -DSTM32F411xE -DUSE_FULL_LL_DRIVER -DHSE_VALUE=8000000 -DHSE_STARTUP_TIMEOUT=100 -DLSE_STARTUP_TIMEOUT=5000 -DLSE_VALUE=32768 -DEXTERNAL_CLOCK_VALUE=12288000 -DHSI_VALUE=16000000 -DLSI_VALUE=32000 -DVDD_VALUE=3300 -DPREFETCH_ENABLE=1 -DINSTRUCTION_CACHE_ENABLE=1 -DDATA_CACHE_ENABLE=1 -c -I../Core/Inc -I../Drivers/STM32F4xx_HAL_Driver/Inc -I../Drivers/CMSIS/Device/ST/STM32F4xx/Include -I../Drivers/CMSIS/Include -I"F:/NAM4/Custom_bootloader_external/DUT_F411VET6/Application/i2c_cmsis_lib" -I"F:/NAM4/Custom_bootloader_external/DUT_F411VET6/Application" -I"F:/NAM4/Custom_bootloader_external/DUT_F411VET6/Application/RTC_DS3231_LIB" -I"F:/NAM4/Custom_bootloader_external/DUT_F411VET6/Application/UART_LOG" -I"F:/NAM4/Custom_bootloader_external/DUT_F411VET6/FreeRTOS/include" -I"F:/NAM4/Custom_bootloader_external/DUT_F411VET6/FreeRTOS/portable/GCC/ARM_CM4F" -I"F:/NAM4/Custom_bootloader_external/DUT_F411VET6/Application/Task_for_testing" -I"F:/NAM4/Custom_bootloader_external/DUT_F411VET6/Application/SPI_LL" -I"F:/NAM4/Custom_bootloader_external/DUT_F411VET6/Application/mcp2515" -I"F:/NAM4/Custom_bootloader_external/DUT_F411VET6/Application/canspi" -I"F:/NAM4/Custom_bootloader_external/DUT_F411VET6/Application/uart_bk" -I"F:/NAM4/Custom_bootloader_external/DUT_F411VET6/Application/Test_case" -O0 -ffunction-sections -fdata-sections -Wall -fstack-usage -fcyclomatic-complexity -MMD -MP -MF"Drivers/STM32F4xx_HAL_Driver/Src/stm32f4xx_ll_i2c.d" -MT"Drivers/STM32F4xx_HAL_Driver/Src/stm32f4xx_ll_i2c.o" --specs=nano.specs -mfpu=fpv4-sp-d16 -mfloat-abi=hard -mthumb -o "Drivers/STM32F4xx_HAL_Driver/Src/stm32f4xx_ll_i2c.o"
arm-none-eabi-gcc "../Drivers/STM32F4xx_HAL_Driver/Src/stm32f4xx_ll_rcc.c" -mcpu=cortex-m4 -std=gnu11 -g3 -DDEBUG -DSTM32F411xE -DUSE_FULL_LL_DRIVER -DHSE_VALUE=8000000 -DHSE_STARTUP_TIMEOUT=100 -DLSE_STARTUP_TIMEOUT=5000 -DLSE_VALUE=32768 -DEXTERNAL_CLOCK_VALUE=12288000 -DHSI_VALUE=16000000 -DLSI_VALUE=32000 -DVDD_VALUE=3300 -DPREFETCH_ENABLE=1 -DINSTRUCTION_CACHE_ENABLE=1 -DDATA_CACHE_ENABLE=1 -c -I../Core/Inc -I../Drivers/STM32F4xx_HAL_Driver/Inc -I../Drivers/CMSIS/Device/ST/STM32F4xx/Include -I../Drivers/CMSIS/Include -I"F:/NAM4/Custom_bootloader_external/DUT_F411VET6/Application/i2c_cmsis_lib" -I"F:/NAM4/Custom_bootloader_external/DUT_F411VET6/Application" -I"F:/NAM4/Custom_bootloader_external/DUT_F411VET6/Application/RTC_DS3231_LIB" -I"F:/NAM4/Custom_bootloader_external/DUT_F411VET6/Application/UART_LOG" -I"F:/NAM4/Custom_bootloader_external/DUT_F411VET6/FreeRTOS/include" -I"F:/NAM4/Custom_bootloader_external/DUT_F411VET6/FreeRTOS/portable/GCC/ARM_CM4F" -I"F:/NAM4/Custom_bootloader_external/DUT_F411VET6/Application/Task_for_testing" -I"F:/NAM4/Custom_bootloader_external/DUT_F411VET6/Application/SPI_LL" -I"F:/NAM4/Custom_bootloader_external/DUT_F411VET6/Application/mcp2515" -I"F:/NAM4/Custom_bootloader_external/DUT_F411VET6/Application/canspi" -I"F:/NAM4/Custom_bootloader_external/DUT_F411VET6/Application/uart_bk" -I"F:/NAM4/Custom_bootloader_external/DUT_F411VET6/Application/Test_case" -O0 -ffunction-sections -fdata-sections -Wall -fstack-usage -fcyclomatic-complexity -MMD -MP -MF"Drivers/STM32F4xx_HAL_Driver/Src/stm32f4xx_ll_rcc.d" -MT"Drivers/STM32F4xx_HAL_Driver/Src/stm32f4xx_ll_rcc.o" --specs=nano.specs -mfpu=fpv4-sp-d16 -mfloat-abi=hard -mthumb -o "Drivers/STM32F4xx_HAL_Driver/Src/stm32f4xx_ll_rcc.o"
arm-none-eabi-gcc "../Drivers/STM32F4xx_HAL_Driver/Src/stm32f4xx_ll_spi.c" -mcpu=cortex-m4 -std=gnu11 -g3 -DDEBUG -DSTM32F411xE -DUSE_FULL_LL_DRIVER -DHSE_VALUE=8000000 -DHSE_STARTUP_TIMEOUT=100 -DLSE_STARTUP_TIMEOUT=5000 -DLSE_VALUE=32768 -DEXTERNAL_CLOCK_VALUE=12288000 -DHSI_VALUE=16000000 -DLSI_VALUE=32000 -DVDD_VALUE=3300 -DPREFETCH_ENABLE=1 -DINSTRUCTION_CACHE_ENABLE=1 -DDATA_CACHE_ENABLE=1 -c -I../Core/Inc -I../Drivers/STM32F4xx_HAL_Driver/Inc -I../Drivers/CMSIS/Device/ST/STM32F4xx/Include -I../Drivers/CMSIS/Include -I"F:/NAM4/Custom_bootloader_external/DUT_F411VET6/Application/i2c_cmsis_lib" -I"F:/NAM4/Custom_bootloader_external/DUT_F411VET6/Application" -I"F:/NAM4/Custom_bootloader_external/DUT_F411VET6/Application/RTC_DS3231_LIB" -I"F:/NAM4/Custom_bootloader_external/DUT_F411VET6/Application/UART_LOG" -I"F:/NAM4/Custom_bootloader_external/DUT_F411VET6/FreeRTOS/include" -I"F:/NAM4/Custom_bootloader_external/DUT_F411VET6/FreeRTOS/portable/GCC/ARM_CM4F" -I"F:/NAM4/Custom_bootloader_external/DUT_F411VET6/Application/Task_for_testing" -I"F:/NAM4/Custom_bootloader_external/DUT_F411VET6/Application/SPI_LL" -I"F:/NAM4/Custom_bootloader_external/DUT_F411VET6/Application/mcp2515" -I"F:/NAM4/Custom_bootloader_external/DUT_F411VET6/Application/canspi" -I"F:/NAM4/Custom_bootloader_external/DUT_F411VET6/Application/uart_bk" -I"F:/NAM4/Custom_bootloader_external/DUT_F411VET6/Application/Test_case" -O0 -ffunction-sections -fdata-sections -Wall -fstack-usage -fcyclomatic-complexity -MMD -MP -MF"Drivers/STM32F4xx_HAL_Driver/Src/stm32f4xx_ll_spi.d" -MT"Drivers/STM32F4xx_HAL_Driver/Src/stm32f4xx_ll_spi.o" --specs=nano.specs -mfpu=fpv4-sp-d16 -mfloat-abi=hard -mthumb -o "Drivers/STM32F4xx_HAL_Driver/Src/stm32f4xx_ll_spi.o"
arm-none-eabi-gcc "../Drivers/STM32F4xx_HAL_Driver/Src/stm32f4xx_ll_usart.c" -mcpu=cortex-m4 -std=gnu11 -g3 -DDEBUG -DSTM32F411xE -DUSE_FULL_LL_DRIVER -DHSE_VALUE=8000000 -DHSE_STARTUP_TIMEOUT=100 -DLSE_STARTUP_TIMEOUT=5000 -DLSE_VALUE=32768 -DEXTERNAL_CLOCK_VALUE=12288000 -DHSI_VALUE=16000000 -DLSI_VALUE=32000 -DVDD_VALUE=3300 -DPREFETCH_ENABLE=1 -DINSTRUCTION_CACHE_ENABLE=1 -DDATA_CACHE_ENABLE=1 -c -I../Core/Inc -I../Drivers/STM32F4xx_HAL_Driver/Inc -I../Drivers/CMSIS/Device/ST/STM32F4xx/Include -I../Drivers/CMSIS/Include -I"F:/NAM4/Custom_bootloader_external/DUT_F411VET6/Application/i2c_cmsis_lib" -I"F:/NAM4/Custom_bootloader_external/DUT_F411VET6/Application" -I"F:/NAM4/Custom_bootloader_external/DUT_F411VET6/Application/RTC_DS3231_LIB" -I"F:/NAM4/Custom_bootloader_external/DUT_F411VET6/Application/UART_LOG" -I"F:/NAM4/Custom_bootloader_external/DUT_F411VET6/FreeRTOS/include" -I"F:/NAM4/Custom_bootloader_external/DUT_F411VET6/FreeRTOS/portable/GCC/ARM_CM4F" -I"F:/NAM4/Custom_bootloader_external/DUT_F411VET6/Application/Task_for_testing" -I"F:/NAM4/Custom_bootloader_external/DUT_F411VET6/Application/SPI_LL" -I"F:/NAM4/Custom_bootloader_external/DUT_F411VET6/Application/mcp2515" -I"F:/NAM4/Custom_bootloader_external/DUT_F411VET6/Application/canspi" -I"F:/NAM4/Custom_bootloader_external/DUT_F411VET6/Application/uart_bk" -I"F:/NAM4/Custom_bootloader_external/DUT_F411VET6/Application/Test_case" -O0 -ffunction-sections -fdata-sections -Wall -fstack-usage -fcyclomatic-complexity -MMD -MP -MF"Drivers/STM32F4xx_HAL_Driver/Src/stm32f4xx_ll_usart.d" -MT"Drivers/STM32F4xx_HAL_Driver/Src/stm32f4xx_ll_usart.o" --specs=nano.specs -mfpu=fpv4-sp-d16 -mfloat-abi=hard -mthumb -o "Drivers/STM32F4xx_HAL_Driver/Src/stm32f4xx_ll_usart.o"
arm-none-eabi-gcc "../Drivers/STM32F4xx_HAL_Driver/Src/stm32f4xx_ll_utils.c" -mcpu=cortex-m4 -std=gnu11 -g3 -DDEBUG -DSTM32F411xE -DUSE_FULL_LL_DRIVER -DHSE_VALUE=8000000 -DHSE_STARTUP_TIMEOUT=100 -DLSE_STARTUP_TIMEOUT=5000 -DLSE_VALUE=32768 -DEXTERNAL_CLOCK_VALUE=12288000 -DHSI_VALUE=16000000 -DLSI_VALUE=32000 -DVDD_VALUE=3300 -DPREFETCH_ENABLE=1 -DINSTRUCTION_CACHE_ENABLE=1 -DDATA_CACHE_ENABLE=1 -c -I../Core/Inc -I../Drivers/STM32F4xx_HAL_Driver/Inc -I../Drivers/CMSIS/Device/ST/STM32F4xx/Include -I../Drivers/CMSIS/Include -I"F:/NAM4/Custom_bootloader_external/DUT_F411VET6/Application/i2c_cmsis_lib" -I"F:/NAM4/Custom_bootloader_external/DUT_F411VET6/Application" -I"F:/NAM4/Custom_bootloader_external/DUT_F411VET6/Application/RTC_DS3231_LIB" -I"F:/NAM4/Custom_bootloader_external/DUT_F411VET6/Application/UART_LOG" -I"F:/NAM4/Custom_bootloader_external/DUT_F411VET6/FreeRTOS/include" -I"F:/NAM4/Custom_bootloader_external/DUT_F411VET6/FreeRTOS/portable/GCC/ARM_CM4F" -I"F:/NAM4/Custom_bootloader_external/DUT_F411VET6/Application/Task_for_testing" -I"F:/NAM4/Custom_bootloader_external/DUT_F411VET6/Application/SPI_LL" -I"F:/NAM4/Custom_bootloader_external/DUT_F411VET6/Application/mcp2515" -I"F:/NAM4/Custom_bootloader_external/DUT_F411VET6/Application/canspi" -I"F:/NAM4/Custom_bootloader_external/DUT_F411VET6/Application/uart_bk" -I"F:/NAM4/Custom_bootloader_external/DUT_F411VET6/Application/Test_case" -O0 -ffunction-sections -fdata-sections -Wall -fstack-usage -fcyclomatic-complexity -MMD -MP -MF"Drivers/STM32F4xx_HAL_Driver/Src/stm32f4xx_ll_utils.d" -MT"Drivers/STM32F4xx_HAL_Driver/Src/stm32f4xx_ll_utils.o" --specs=nano.specs -mfpu=fpv4-sp-d16 -mfloat-abi=hard -mthumb -o "Drivers/STM32F4xx_HAL_Driver/Src/stm32f4xx_ll_utils.o"
arm-none-eabi-gcc -mcpu=cortex-m4 -g3 -DDEBUG -c -I"F:/NAM4/Custom_bootloader_external/DUT_F411VET6/Application/i2c_cmsis_lib" -I"F:/NAM4/Custom_bootloader_external/DUT_F411VET6/Application" -I"F:/NAM4/Custom_bootloader_external/DUT_F411VET6/Application/RTC_DS3231_LIB" -I"F:/NAM4/Custom_bootloader_external/DUT_F411VET6/Application/UART_LOG" -I"F:/NAM4/Custom_bootloader_external/DUT_F411VET6/FreeRTOS/include" -I"F:/NAM4/Custom_bootloader_external/DUT_F411VET6/FreeRTOS/portable/GCC/ARM_CM4F" -I"F:/NAM4/Custom_bootloader_external/DUT_F411VET6/Application/Task_for_testing" -I"F:/NAM4/Custom_bootloader_external/DUT_F411VET6/Application/SPI_LL" -I"F:/NAM4/Custom_bootloader_external/DUT_F411VET6/Application/mcp2515" -I"F:/NAM4/Custom_bootloader_external/DUT_F411VET6/Application/canspi" -I"F:/NAM4/Custom_bootloader_external/DUT_F411VET6/Application/uart_bk" -I"F:/NAM4/Custom_bootloader_external/DUT_F411VET6/Application/Test_case" -x assembler-with-cpp -MMD -MP -MF"Core/Startup/startup_stm32f411vetx.d" -MT"Core/Startup/startup_stm32f411vetx.o" --specs=nano.specs -mfpu=fpv4-sp-d16 -mfloat-abi=hard -mthumb -o "Core/Startup/startup_stm32f411vetx.o" "../Core/Startup/startup_stm32f411vetx.s"
arm-none-eabi-gcc "../Core/Src/main.c" -mcpu=cortex-m4 -std=gnu11 -g3 -DDEBUG -DSTM32F411xE -DUSE_FULL_LL_DRIVER -DHSE_VALUE=8000000 -DHSE_STARTUP_TIMEOUT=100 -DLSE_STARTUP_TIMEOUT=5000 -DLSE_VALUE=32768 -DEXTERNAL_CLOCK_VALUE=12288000 -DHSI_VALUE=16000000 -DLSI_VALUE=32000 -DVDD_VALUE=3300 -DPREFETCH_ENABLE=1 -DINSTRUCTION_CACHE_ENABLE=1 -DDATA_CACHE_ENABLE=1 -c -I../Core/Inc -I../Drivers/STM32F4xx_HAL_Driver/Inc -I../Drivers/CMSIS/Device/ST/STM32F4xx/Include -I../Drivers/CMSIS/Include -I"F:/NAM4/Custom_bootloader_external/DUT_F411VET6/Application/i2c_cmsis_lib" -I"F:/NAM4/Custom_bootloader_external/DUT_F411VET6/Application" -I"F:/NAM4/Custom_bootloader_external/DUT_F411VET6/Application/RTC_DS3231_LIB" -I"F:/NAM4/Custom_bootloader_external/DUT_F411VET6/Application/UART_LOG" -I"F:/NAM4/Custom_bootloader_external/DUT_F411VET6/FreeRTOS/include" -I"F:/NAM4/Custom_bootloader_external/DUT_F411VET6/FreeRTOS/portable/GCC/ARM_CM4F" -I"F:/NAM4/Custom_bootloader_external/DUT_F411VET6/Application/Task_for_testing" -I"F:/NAM4/Custom_bootloader_external/DUT_F411VET6/Application/SPI_LL" -I"F:/NAM4/Custom_bootloader_external/DUT_F411VET6/Application/mcp2515" -I"F:/NAM4/Custom_bootloader_external/DUT_F411VET6/Application/canspi" -I"F:/NAM4/Custom_bootloader_external/DUT_F411VET6/Application/uart_bk" -I"F:/NAM4/Custom_bootloader_external/DUT_F411VET6/Application/Test_case" -O0 -ffunction-sections -fdata-sections -Wall -fstack-usage -fcyclomatic-complexity -MMD -MP -MF"Core/Src/main.d" -MT"Core/Src/main.o" --specs=nano.specs -mfpu=fpv4-sp-d16 -mfloat-abi=hard -mthumb -o "Core/Src/main.o"
arm-none-eabi-gcc "../Core/Src/stm32f4xx_it.c" -mcpu=cortex-m4 -std=gnu11 -g3 -DDEBUG -DSTM32F411xE -DUSE_FULL_LL_DRIVER -DHSE_VALUE=8000000 -DHSE_STARTUP_TIMEOUT=100 -DLSE_STARTUP_TIMEOUT=5000 -DLSE_VALUE=32768 -DEXTERNAL_CLOCK_VALUE=12288000 -DHSI_VALUE=16000000 -DLSI_VALUE=32000 -DVDD_VALUE=3300 -DPREFETCH_ENABLE=1 -DINSTRUCTION_CACHE_ENABLE=1 -DDATA_CACHE_ENABLE=1 -c -I../Core/Inc -I../Drivers/STM32F4xx_HAL_Driver/Inc -I../Drivers/CMSIS/Device/ST/STM32F4xx/Include -I../Drivers/CMSIS/Include -I"F:/NAM4/Custom_bootloader_external/DUT_F411VET6/Application/i2c_cmsis_lib" -I"F:/NAM4/Custom_bootloader_external/DUT_F411VET6/Application" -I"F:/NAM4/Custom_bootloader_external/DUT_F411VET6/Application/RTC_DS3231_LIB" -I"F:/NAM4/Custom_bootloader_external/DUT_F411VET6/Application/UART_LOG" -I"F:/NAM4/Custom_bootloader_external/DUT_F411VET6/FreeRTOS/include" -I"F:/NAM4/Custom_bootloader_external/DUT_F411VET6/FreeRTOS/portable/GCC/ARM_CM4F" -I"F:/NAM4/Custom_bootloader_external/DUT_F411VET6/Application/Task_for_testing" -I"F:/NAM4/Custom_bootloader_external/DUT_F411VET6/Application/SPI_LL" -I"F:/NAM4/Custom_bootloader_external/DUT_F411VET6/Application/mcp2515" -I"F:/NAM4/Custom_bootloader_external/DUT_F411VET6/Application/canspi" -I"F:/NAM4/Custom_bootloader_external/DUT_F411VET6/Application/uart_bk" -I"F:/NAM4/Custom_bootloader_external/DUT_F411VET6/Application/Test_case" -O0 -ffunction-sections -fdata-sections -Wall -fstack-usage -fcyclomatic-complexity -MMD -MP -MF"Core/Src/stm32f4xx_it.d" -MT"Core/Src/stm32f4xx_it.o" --specs=nano.specs -mfpu=fpv4-sp-d16 -mfloat-abi=hard -mthumb -o "Core/Src/stm32f4xx_it.o"
arm-none-eabi-gcc "../Core/Src/syscalls.c" -mcpu=cortex-m4 -std=gnu11 -g3 -DDEBUG -DSTM32F411xE -DUSE_FULL_LL_DRIVER -DHSE_VALUE=8000000 -DHSE_STARTUP_TIMEOUT=100 -DLSE_STARTUP_TIMEOUT=5000 -DLSE_VALUE=32768 -DEXTERNAL_CLOCK_VALUE=12288000 -DHSI_VALUE=16000000 -DLSI_VALUE=32000 -DVDD_VALUE=3300 -DPREFETCH_ENABLE=1 -DINSTRUCTION_CACHE_ENABLE=1 -DDATA_CACHE_ENABLE=1 -c -I../Core/Inc -I../Drivers/STM32F4xx_HAL_Driver/Inc -I../Drivers/CMSIS/Device/ST/STM32F4xx/Include -I../Drivers/CMSIS/Include -I"F:/NAM4/Custom_bootloader_external/DUT_F411VET6/Application/i2c_cmsis_lib" -I"F:/NAM4/Custom_bootloader_external/DUT_F411VET6/Application" -I"F:/NAM4/Custom_bootloader_external/DUT_F411VET6/Application/RTC_DS3231_LIB" -I"F:/NAM4/Custom_bootloader_external/DUT_F411VET6/Application/UART_LOG" -I"F:/NAM4/Custom_bootloader_external/DUT_F411VET6/FreeRTOS/include" -I"F:/NAM4/Custom_bootloader_external/DUT_F411VET6/FreeRTOS/portable/GCC/ARM_CM4F" -I"F:/NAM4/Custom_bootloader_external/DUT_F411VET6/Application/Task_for_testing" -I"F:/NAM4/Custom_bootloader_external/DUT_F411VET6/Application/SPI_LL" -I"F:/NAM4/Custom_bootloader_external/DUT_F411VET6/Application/mcp2515" -I"F:/NAM4/Custom_bootloader_external/DUT_F411VET6/Application/canspi" -I"F:/NAM4/Custom_bootloader_external/DUT_F411VET6/Application/uart_bk" -I"F:/NAM4/Custom_bootloader_external/DUT_F411VET6/Application/Test_case" -O0 -ffunction-sections -fdata-sections -Wall -fstack-usage -fcyclomatic-complexity -MMD -MP -MF"Core/Src/syscalls.d" -MT"Core/Src/syscalls.o" --specs=nano.specs -mfpu=fpv4-sp-d16 -mfloat-abi=hard -mthumb -o "Core/Src/syscalls.o"
arm-none-eabi-gcc "../Core/Src/sysmem.c" -mcpu=cortex-m4 -std=gnu11 -g3 -DDEBUG -DSTM32F411xE -DUSE_FULL_LL_DRIVER -DHSE_VALUE=8000000 -DHSE_STARTUP_TIMEOUT=100 -DLSE_STARTUP_TIMEOUT=5000 -DLSE_VALUE=32768 -DEXTERNAL_CLOCK_VALUE=12288000 -DHSI_VALUE=16000000 -DLSI_VALUE=32000 -DVDD_VALUE=3300 -DPREFETCH_ENABLE=1 -DINSTRUCTION_CACHE_ENABLE=1 -DDATA_CACHE_ENABLE=1 -c -I../Core/Inc -I../Drivers/STM32F4xx_HAL_Driver/Inc -I../Drivers/CMSIS/Device/ST/STM32F4xx/Include -I../Drivers/CMSIS/Include -I"F:/NAM4/Custom_bootloader_external/DUT_F411VET6/Application/i2c_cmsis_lib" -I"F:/NAM4/Custom_bootloader_external/DUT_F411VET6/Application" -I"F:/NAM4/Custom_bootloader_external/DUT_F411VET6/Application/RTC_DS3231_LIB" -I"F:/NAM4/Custom_bootloader_external/DUT_F411VET6/Application/UART_LOG" -I"F:/NAM4/Custom_bootloader_external/DUT_F411VET6/FreeRTOS/include" -I"F:/NAM4/Custom_bootloader_external/DUT_F411VET6/FreeRTOS/portable/GCC/ARM_CM4F" -I"F:/NAM4/Custom_bootloader_external/DUT_F411VET6/Application/Task_for_testing" -I"F:/NAM4/Custom_bootloader_external/DUT_F411VET6/Application/SPI_LL" -I"F:/NAM4/Custom_bootloader_external/DUT_F411VET6/Application/mcp2515" -I"F:/NAM4/Custom_bootloader_external/DUT_F411VET6/Application/canspi" -I"F:/NAM4/Custom_bootloader_external/DUT_F411VET6/Application/uart_bk" -I"F:/NAM4/Custom_bootloader_external/DUT_F411VET6/Application/Test_case" -O0 -ffunction-sections -fdata-sections -Wall -fstack-usage -fcyclomatic-complexity -MMD -MP -MF"Core/Src/sysmem.d" -MT"Core/Src/sysmem.o" --specs=nano.specs -mfpu=fpv4-sp-d16 -mfloat-abi=hard -mthumb -o "Core/Src/sysmem.o"
arm-none-eabi-gcc "../Core/Src/system_stm32f4xx.c" -mcpu=cortex-m4 -std=gnu11 -g3 -DDEBUG -DSTM32F411xE -DUSE_FULL_LL_DRIVER -DHSE_VALUE=8000000 -DHSE_STARTUP_TIMEOUT=100 -DLSE_STARTUP_TIMEOUT=5000 -DLSE_VALUE=32768 -DEXTERNAL_CLOCK_VALUE=12288000 -DHSI_VALUE=16000000 -DLSI_VALUE=32000 -DVDD_VALUE=3300 -DPREFETCH_ENABLE=1 -DINSTRUCTION_CACHE_ENABLE=1 -DDATA_CACHE_ENABLE=1 -c -I../Core/Inc -I../Drivers/STM32F4xx_HAL_Driver/Inc -I../Drivers/CMSIS/Device/ST/STM32F4xx/Include -I../Drivers/CMSIS/Include -I"F:/NAM4/Custom_bootloader_external/DUT_F411VET6/Application/i2c_cmsis_lib" -I"F:/NAM4/Custom_bootloader_external/DUT_F411VET6/Application" -I"F:/NAM4/Custom_bootloader_external/DUT_F411VET6/Application/RTC_DS3231_LIB" -I"F:/NAM4/Custom_bootloader_external/DUT_F411VET6/Application/UART_LOG" -I"F:/NAM4/Custom_bootloader_external/DUT_F411VET6/FreeRTOS/include" -I"F:/NAM4/Custom_bootloader_external/DUT_F411VET6/FreeRTOS/portable/GCC/ARM_CM4F" -I"F:/NAM4/Custom_bootloader_external/DUT_F411VET6/Application/Task_for_testing" -I"F:/NAM4/Custom_bootloader_external/DUT_F411VET6/Application/SPI_LL" -I"F:/NAM4/Custom_bootloader_external/DUT_F411VET6/Application/mcp2515" -I"F:/NAM4/Custom_bootloader_external/DUT_F411VET6/Application/canspi" -I"F:/NAM4/Custom_bootloader_external/DUT_F411VET6/Application/uart_bk" -I"F:/NAM4/Custom_bootloader_external/DUT_F411VET6/Application/Test_case" -O0 -ffunction-sections -fdata-sections -Wall -fstack-usage -fcyclomatic-complexity -MMD -MP -MF"Core/Src/system_stm32f4xx.d" -MT"Core/Src/system_stm32f4xx.o" --specs=nano.specs -mfpu=fpv4-sp-d16 -mfloat-abi=hard -mthumb -o "Core/Src/system_stm32f4xx.o"
arm-none-eabi-gcc "../Application/uart_bk/uartstdio.c" -mcpu=cortex-m4 -std=gnu11 -g3 -DDEBUG -DSTM32F411xE -DUSE_FULL_LL_DRIVER -DHSE_VALUE=8000000 -DHSE_STARTUP_TIMEOUT=100 -DLSE_STARTUP_TIMEOUT=5000 -DLSE_VALUE=32768 -DEXTERNAL_CLOCK_VALUE=12288000 -DHSI_VALUE=16000000 -DLSI_VALUE=32000 -DVDD_VALUE=3300 -DPREFETCH_ENABLE=1 -DINSTRUCTION_CACHE_ENABLE=1 -DDATA_CACHE_ENABLE=1 -c -I../Core/Inc -I../Drivers/STM32F4xx_HAL_Driver/Inc -I../Drivers/CMSIS/Device/ST/STM32F4xx/Include -I../Drivers/CMSIS/Include -I"F:/NAM4/Custom_bootloader_external/DUT_F411VET6/Application/i2c_cmsis_lib" -I"F:/NAM4/Custom_bootloader_external/DUT_F411VET6/Application" -I"F:/NAM4/Custom_bootloader_external/DUT_F411VET6/Application/RTC_DS3231_LIB" -I"F:/NAM4/Custom_bootloader_external/DUT_F411VET6/Application/UART_LOG" -I"F:/NAM4/Custom_bootloader_external/DUT_F411VET6/FreeRTOS/include" -I"F:/NAM4/Custom_bootloader_external/DUT_F411VET6/FreeRTOS/portable/GCC/ARM_CM4F" -I"F:/NAM4/Custom_bootloader_external/DUT_F411VET6/Application/Task_for_testing" -I"F:/NAM4/Custom_bootloader_external/DUT_F411VET6/Application/SPI_LL" -I"F:/NAM4/Custom_bootloader_external/DUT_F411VET6/Application/mcp2515" -I"F:/NAM4/Custom_bootloader_external/DUT_F411VET6/Application/canspi" -I"F:/NAM4/Custom_bootloader_external/DUT_F411VET6/Application/uart_bk" -I"F:/NAM4/Custom_bootloader_external/DUT_F411VET6/Application/Test_case" -O0 -ffunction-sections -fdata-sections -Wall -fstack-usage -fcyclomatic-complexity -MMD -MP -MF"Application/uart_bk/uartstdio.d" -MT"Application/uart_bk/uartstdio.o" --specs=nano.specs -mfpu=fpv4-sp-d16 -mfloat-abi=hard -mthumb -o "Application/uart_bk/uartstdio.o"
arm-none-eabi-gcc "../Application/mcp2515/MCP2515.c" -mcpu=cortex-m4 -std=gnu11 -g3 -DDEBUG -DSTM32F411xE -DUSE_FULL_LL_DRIVER -DHSE_VALUE=8000000 -DHSE_STARTUP_TIMEOUT=100 -DLSE_STARTUP_TIMEOUT=5000 -DLSE_VALUE=32768 -DEXTERNAL_CLOCK_VALUE=12288000 -DHSI_VALUE=16000000 -DLSI_VALUE=32000 -DVDD_VALUE=3300 -DPREFETCH_ENABLE=1 -DINSTRUCTION_CACHE_ENABLE=1 -DDATA_CACHE_ENABLE=1 -c -I../Core/Inc -I../Drivers/STM32F4xx_HAL_Driver/Inc -I../Drivers/CMSIS/Device/ST/STM32F4xx/Include -I../Drivers/CMSIS/Include -I"F:/NAM4/Custom_bootloader_external/DUT_F411VET6/Application/i2c_cmsis_lib" -I"F:/NAM4/Custom_bootloader_external/DUT_F411VET6/Application" -I"F:/NAM4/Custom_bootloader_external/DUT_F411VET6/Application/RTC_DS3231_LIB" -I"F:/NAM4/Custom_bootloader_external/DUT_F411VET6/Application/UART_LOG" -I"F:/NAM4/Custom_bootloader_external/DUT_F411VET6/FreeRTOS/include" -I"F:/NAM4/Custom_bootloader_external/DUT_F411VET6/FreeRTOS/portable/GCC/ARM_CM4F" -I"F:/NAM4/Custom_bootloader_external/DUT_F411VET6/Application/Task_for_testing" -I"F:/NAM4/Custom_bootloader_external/DUT_F411VET6/Application/SPI_LL" -I"F:/NAM4/Custom_bootloader_external/DUT_F411VET6/Application/mcp2515" -I"F:/NAM4/Custom_bootloader_external/DUT_F411VET6/Application/canspi" -I"F:/NAM4/Custom_bootloader_external/DUT_F411VET6/Application/uart_bk" -I"F:/NAM4/Custom_bootloader_external/DUT_F411VET6/Application/Test_case" -O0 -ffunction-sections -fdata-sections -Wall -fstack-usage -fcyclomatic-complexity -MMD -MP -MF"Application/mcp2515/MCP2515.d" -MT"Application/mcp2515/MCP2515.o" --specs=nano.specs -mfpu=fpv4-sp-d16 -mfloat-abi=hard -mthumb -o "Application/mcp2515/MCP2515.o"
arm-none-eabi-gcc "../Application/i2c_cmsis_lib/i2c.c" -mcpu=cortex-m4 -std=gnu11 -g3 -DDEBUG -DSTM32F411xE -DUSE_FULL_LL_DRIVER -DHSE_VALUE=8000000 -DHSE_STARTUP_TIMEOUT=100 -DLSE_STARTUP_TIMEOUT=5000 -DLSE_VALUE=32768 -DEXTERNAL_CLOCK_VALUE=12288000 -DHSI_VALUE=16000000 -DLSI_VALUE=32000 -DVDD_VALUE=3300 -DPREFETCH_ENABLE=1 -DINSTRUCTION_CACHE_ENABLE=1 -DDATA_CACHE_ENABLE=1 -c -I../Core/Inc -I../Drivers/STM32F4xx_HAL_Driver/Inc -I../Drivers/CMSIS/Device/ST/STM32F4xx/Include -I../Drivers/CMSIS/Include -I"F:/NAM4/Custom_bootloader_external/DUT_F411VET6/Application/i2c_cmsis_lib" -I"F:/NAM4/Custom_bootloader_external/DUT_F411VET6/Application" -I"F:/NAM4/Custom_bootloader_external/DUT_F411VET6/Application/RTC_DS3231_LIB" -I"F:/NAM4/Custom_bootloader_external/DUT_F411VET6/Application/UART_LOG" -I"F:/NAM4/Custom_bootloader_external/DUT_F411VET6/FreeRTOS/include" -I"F:/NAM4/Custom_bootloader_external/DUT_F411VET6/FreeRTOS/portable/GCC/ARM_CM4F" -I"F:/NAM4/Custom_bootloader_external/DUT_F411VET6/Application/Task_for_testing" -I"F:/NAM4/Custom_bootloader_external/DUT_F411VET6/Application/SPI_LL" -I"F:/NAM4/Custom_bootloader_external/DUT_F411VET6/Application/mcp2515" -I"F:/NAM4/Custom_bootloader_external/DUT_F411VET6/Application/canspi" -I"F:/NAM4/Custom_bootloader_external/DUT_F411VET6/Application/uart_bk" -I"F:/NAM4/Custom_bootloader_external/DUT_F411VET6/Application/Test_case" -O0 -ffunction-sections -fdata-sections -Wall -fstack-usage -fcyclomatic-complexity -MMD -MP -MF"Application/i2c_cmsis_lib/i2c.d" -MT"Application/i2c_cmsis_lib/i2c.o" --specs=nano.specs -mfpu=fpv4-sp-d16 -mfloat-abi=hard -mthumb -o "Application/i2c_cmsis_lib/i2c.o"
arm-none-eabi-gcc "../Application/canspi/CANSPI.c" -mcpu=cortex-m4 -std=gnu11 -g3 -DDEBUG -DSTM32F411xE -DUSE_FULL_LL_DRIVER -DHSE_VALUE=8000000 -DHSE_STARTUP_TIMEOUT=100 -DLSE_STARTUP_TIMEOUT=5000 -DLSE_VALUE=32768 -DEXTERNAL_CLOCK_VALUE=12288000 -DHSI_VALUE=16000000 -DLSI_VALUE=32000 -DVDD_VALUE=3300 -DPREFETCH_ENABLE=1 -DINSTRUCTION_CACHE_ENABLE=1 -DDATA_CACHE_ENABLE=1 -c -I../Core/Inc -I../Drivers/STM32F4xx_HAL_Driver/Inc -I../Drivers/CMSIS/Device/ST/STM32F4xx/Include -I../Drivers/CMSIS/Include -I"F:/NAM4/Custom_bootloader_external/DUT_F411VET6/Application/i2c_cmsis_lib" -I"F:/NAM4/Custom_bootloader_external/DUT_F411VET6/Application" -I"F:/NAM4/Custom_bootloader_external/DUT_F411VET6/Application/RTC_DS3231_LIB" -I"F:/NAM4/Custom_bootloader_external/DUT_F411VET6/Application/UART_LOG" -I"F:/NAM4/Custom_bootloader_external/DUT_F411VET6/FreeRTOS/include" -I"F:/NAM4/Custom_bootloader_external/DUT_F411VET6/FreeRTOS/portable/GCC/ARM_CM4F" -I"F:/NAM4/Custom_bootloader_external/DUT_F411VET6/Application/Task_for_testing" -I"F:/NAM4/Custom_bootloader_external/DUT_F411VET6/Application/SPI_LL" -I"F:/NAM4/Custom_bootloader_external/DUT_F411VET6/Application/mcp2515" -I"F:/NAM4/Custom_bootloader_external/DUT_F411VET6/Application/canspi" -I"F:/NAM4/Custom_bootloader_external/DUT_F411VET6/Application/uart_bk" -I"F:/NAM4/Custom_bootloader_external/DUT_F411VET6/Application/Test_case" -O0 -ffunction-sections -fdata-sections -Wall -fstack-usage -fcyclomatic-complexity -MMD -MP -MF"Application/canspi/CANSPI.d" -MT"Application/canspi/CANSPI.o" --specs=nano.specs -mfpu=fpv4-sp-d16 -mfloat-abi=hard -mthumb -o "Application/canspi/CANSPI.o"
arm-none-eabi-gcc "../Application/W25Q32_EEPROM_Lib/W25Q32_lib.c" -mcpu=cortex-m4 -std=gnu11 -g3 -DDEBUG -DSTM32F411xE -DUSE_FULL_LL_DRIVER -DHSE_VALUE=8000000 -DHSE_STARTUP_TIMEOUT=100 -DLSE_STARTUP_TIMEOUT=5000 -DLSE_VALUE=32768 -DEXTERNAL_CLOCK_VALUE=12288000 -DHSI_VALUE=16000000 -DLSI_VALUE=32000 -DVDD_VALUE=3300 -DPREFETCH_ENABLE=1 -DINSTRUCTION_CACHE_ENABLE=1 -DDATA_CACHE_ENABLE=1 -c -I../Core/Inc -I../Drivers/STM32F4xx_HAL_Driver/Inc -I../Drivers/CMSIS/Device/ST/STM32F4xx/Include -I../Drivers/CMSIS/Include -I"F:/NAM4/Custom_bootloader_external/DUT_F411VET6/Application/i2c_cmsis_lib" -I"F:/NAM4/Custom_bootloader_external/DUT_F411VET6/Application" -I"F:/NAM4/Custom_bootloader_external/DUT_F411VET6/Application/RTC_DS3231_LIB" -I"F:/NAM4/Custom_bootloader_external/DUT_F411VET6/Application/UART_LOG" -I"F:/NAM4/Custom_bootloader_external/DUT_F411VET6/FreeRTOS/include" -I"F:/NAM4/Custom_bootloader_external/DUT_F411VET6/FreeRTOS/portable/GCC/ARM_CM4F" -I"F:/NAM4/Custom_bootloader_external/DUT_F411VET6/Application/Task_for_testing" -I"F:/NAM4/Custom_bootloader_external/DUT_F411VET6/Application/SPI_LL" -I"F:/NAM4/Custom_bootloader_external/DUT_F411VET6/Application/mcp2515" -I"F:/NAM4/Custom_bootloader_external/DUT_F411VET6/Application/canspi" -I"F:/NAM4/Custom_bootloader_external/DUT_F411VET6/Application/uart_bk" -I"F:/NAM4/Custom_bootloader_external/DUT_F411VET6/Application/Test_case" -O0 -ffunction-sections -fdata-sections -Wall -fstack-usage -fcyclomatic-complexity -MMD -MP -MF"Application/W25Q32_EEPROM_Lib/W25Q32_lib.d" -MT"Application/W25Q32_EEPROM_Lib/W25Q32_lib.o" --specs=nano.specs -mfpu=fpv4-sp-d16 -mfloat-abi=hard -mthumb -o "Application/W25Q32_EEPROM_Lib/W25Q32_lib.o"
arm-none-eabi-gcc "../Application/UART_LOG/uart_log.c" -mcpu=cortex-m4 -std=gnu11 -g3 -DDEBUG -DSTM32F411xE -DUSE_FULL_LL_DRIVER -DHSE_VALUE=8000000 -DHSE_STARTUP_TIMEOUT=100 -DLSE_STARTUP_TIMEOUT=5000 -DLSE_VALUE=32768 -DEXTERNAL_CLOCK_VALUE=12288000 -DHSI_VALUE=16000000 -DLSI_VALUE=32000 -DVDD_VALUE=3300 -DPREFETCH_ENABLE=1 -DINSTRUCTION_CACHE_ENABLE=1 -DDATA_CACHE_ENABLE=1 -c -I../Core/Inc -I../Drivers/STM32F4xx_HAL_Driver/Inc -I../Drivers/CMSIS/Device/ST/STM32F4xx/Include -I../Drivers/CMSIS/Include -I"F:/NAM4/Custom_bootloader_external/DUT_F411VET6/Application/i2c_cmsis_lib" -I"F:/NAM4/Custom_bootloader_external/DUT_F411VET6/Application" -I"F:/NAM4/Custom_bootloader_external/DUT_F411VET6/Application/RTC_DS3231_LIB" -I"F:/NAM4/Custom_bootloader_external/DUT_F411VET6/Application/UART_LOG" -I"F:/NAM4/Custom_bootloader_external/DUT_F411VET6/FreeRTOS/include" -I"F:/NAM4/Custom_bootloader_external/DUT_F411VET6/FreeRTOS/portable/GCC/ARM_CM4F" -I"F:/NAM4/Custom_bootloader_external/DUT_F411VET6/Application/Task_for_testing" -I"F:/NAM4/Custom_bootloader_external/DUT_F411VET6/Application/SPI_LL" -I"F:/NAM4/Custom_bootloader_external/DUT_F411VET6/Application/mcp2515" -I"F:/NAM4/Custom_bootloader_external/DUT_F411VET6/Application/canspi" -I"F:/NAM4/Custom_bootloader_external/DUT_F411VET6/Application/uart_bk" -I"F:/NAM4/Custom_bootloader_external/DUT_F411VET6/Application/Test_case" -O0 -ffunction-sections -fdata-sections -Wall -fstack-usage -fcyclomatic-complexity -MMD -MP -MF"Application/UART_LOG/uart_log.d" -MT"Application/UART_LOG/uart_log.o" --specs=nano.specs -mfpu=fpv4-sp-d16 -mfloat-abi=hard -mthumb -o "Application/UART_LOG/uart_log.o"
arm-none-eabi-gcc "../Application/Test_case/test_case.c" -mcpu=cortex-m4 -std=gnu11 -g3 -DDEBUG -DSTM32F411xE -DUSE_FULL_LL_DRIVER -DHSE_VALUE=8000000 -DHSE_STARTUP_TIMEOUT=100 -DLSE_STARTUP_TIMEOUT=5000 -DLSE_VALUE=32768 -DEXTERNAL_CLOCK_VALUE=12288000 -DHSI_VALUE=16000000 -DLSI_VALUE=32000 -DVDD_VALUE=3300 -DPREFETCH_ENABLE=1 -DINSTRUCTION_CACHE_ENABLE=1 -DDATA_CACHE_ENABLE=1 -c -I../Core/Inc -I../Drivers/STM32F4xx_HAL_Driver/Inc -I../Drivers/CMSIS/Device/ST/STM32F4xx/Include -I../Drivers/CMSIS/Include -I"F:/NAM4/Custom_bootloader_external/DUT_F411VET6/Application/i2c_cmsis_lib" -I"F:/NAM4/Custom_bootloader_external/DUT_F411VET6/Application" -I"F:/NAM4/Custom_bootloader_external/DUT_F411VET6/Application/RTC_DS3231_LIB" -I"F:/NAM4/Custom_bootloader_external/DUT_F411VET6/Application/UART_LOG" -I"F:/NAM4/Custom_bootloader_external/DUT_F411VET6/FreeRTOS/include" -I"F:/NAM4/Custom_bootloader_external/DUT_F411VET6/FreeRTOS/portable/GCC/ARM_CM4F" -I"F:/NAM4/Custom_bootloader_external/DUT_F411VET6/Application/Task_for_testing" -I"F:/NAM4/Custom_bootloader_external/DUT_F411VET6/Application/SPI_LL" -I"F:/NAM4/Custom_bootloader_external/DUT_F411VET6/Application/mcp2515" -I"F:/NAM4/Custom_bootloader_external/DUT_F411VET6/Application/canspi" -I"F:/NAM4/Custom_bootloader_external/DUT_F411VET6/Application/uart_bk" -I"F:/NAM4/Custom_bootloader_external/DUT_F411VET6/Application/Test_case" -O0 -ffunction-sections -fdata-sections -Wall -fstack-usage -fcyclomatic-complexity -MMD -MP -MF"Application/Test_case/test_case.d" -MT"Application/Test_case/test_case.o" --specs=nano.specs -mfpu=fpv4-sp-d16 -mfloat-abi=hard -mthumb -o "Application/Test_case/test_case.o"
arm-none-eabi-gcc "../Application/Task_for_testing/DUTtask.c" -mcpu=cortex-m4 -std=gnu11 -g3 -DDEBUG -DSTM32F411xE -DUSE_FULL_LL_DRIVER -DHSE_VALUE=8000000 -DHSE_STARTUP_TIMEOUT=100 -DLSE_STARTUP_TIMEOUT=5000 -DLSE_VALUE=32768 -DEXTERNAL_CLOCK_VALUE=12288000 -DHSI_VALUE=16000000 -DLSI_VALUE=32000 -DVDD_VALUE=3300 -DPREFETCH_ENABLE=1 -DINSTRUCTION_CACHE_ENABLE=1 -DDATA_CACHE_ENABLE=1 -c -I../Core/Inc -I../Drivers/STM32F4xx_HAL_Driver/Inc -I../Drivers/CMSIS/Device/ST/STM32F4xx/Include -I../Drivers/CMSIS/Include -I"F:/NAM4/Custom_bootloader_external/DUT_F411VET6/Application/i2c_cmsis_lib" -I"F:/NAM4/Custom_bootloader_external/DUT_F411VET6/Application" -I"F:/NAM4/Custom_bootloader_external/DUT_F411VET6/Application/RTC_DS3231_LIB" -I"F:/NAM4/Custom_bootloader_external/DUT_F411VET6/Application/UART_LOG" -I"F:/NAM4/Custom_bootloader_external/DUT_F411VET6/FreeRTOS/include" -I"F:/NAM4/Custom_bootloader_external/DUT_F411VET6/FreeRTOS/portable/GCC/ARM_CM4F" -I"F:/NAM4/Custom_bootloader_external/DUT_F411VET6/Application/Task_for_testing" -I"F:/NAM4/Custom_bootloader_external/DUT_F411VET6/Application/SPI_LL" -I"F:/NAM4/Custom_bootloader_external/DUT_F411VET6/Application/mcp2515" -I"F:/NAM4/Custom_bootloader_external/DUT_F411VET6/Application/canspi" -I"F:/NAM4/Custom_bootloader_external/DUT_F411VET6/Application/uart_bk" -I"F:/NAM4/Custom_bootloader_external/DUT_F411VET6/Application/Test_case" -O0 -ffunction-sections -fdata-sections -Wall -fstack-usage -fcyclomatic-complexity -MMD -MP -MF"Application/Task_for_testing/DUTtask.d" -MT"Application/Task_for_testing/DUTtask.o" --specs=nano.specs -mfpu=fpv4-sp-d16 -mfloat-abi=hard -mthumb -o "Application/Task_for_testing/DUTtask.o"
arm-none-eabi-gcc "../Application/SPI_LL/spi.c" -mcpu=cortex-m4 -std=gnu11 -g3 -DDEBUG -DSTM32F411xE -DUSE_FULL_LL_DRIVER -DHSE_VALUE=8000000 -DHSE_STARTUP_TIMEOUT=100 -DLSE_STARTUP_TIMEOUT=5000 -DLSE_VALUE=32768 -DEXTERNAL_CLOCK_VALUE=12288000 -DHSI_VALUE=16000000 -DLSI_VALUE=32000 -DVDD_VALUE=3300 -DPREFETCH_ENABLE=1 -DINSTRUCTION_CACHE_ENABLE=1 -DDATA_CACHE_ENABLE=1 -c -I../Core/Inc -I../Drivers/STM32F4xx_HAL_Driver/Inc -I../Drivers/CMSIS/Device/ST/STM32F4xx/Include -I../Drivers/CMSIS/Include -I"F:/NAM4/Custom_bootloader_external/DUT_F411VET6/Application/i2c_cmsis_lib" -I"F:/NAM4/Custom_bootloader_external/DUT_F411VET6/Application" -I"F:/NAM4/Custom_bootloader_external/DUT_F411VET6/Application/RTC_DS3231_LIB" -I"F:/NAM4/Custom_bootloader_external/DUT_F411VET6/Application/UART_LOG" -I"F:/NAM4/Custom_bootloader_external/DUT_F411VET6/FreeRTOS/include" -I"F:/NAM4/Custom_bootloader_external/DUT_F411VET6/FreeRTOS/portable/GCC/ARM_CM4F" -I"F:/NAM4/Custom_bootloader_external/DUT_F411VET6/Application/Task_for_testing" -I"F:/NAM4/Custom_bootloader_external/DUT_F411VET6/Application/SPI_LL" -I"F:/NAM4/Custom_bootloader_external/DUT_F411VET6/Application/mcp2515" -I"F:/NAM4/Custom_bootloader_external/DUT_F411VET6/Application/canspi" -I"F:/NAM4/Custom_bootloader_external/DUT_F411VET6/Application/uart_bk" -I"F:/NAM4/Custom_bootloader_external/DUT_F411VET6/Application/Test_case" -O0 -ffunction-sections -fdata-sections -Wall -fstack-usage -fcyclomatic-complexity -MMD -MP -MF"Application/SPI_LL/spi.d" -MT"Application/SPI_LL/spi.o" --specs=nano.specs -mfpu=fpv4-sp-d16 -mfloat-abi=hard -mthumb -o "Application/SPI_LL/spi.o"
arm-none-eabi-gcc "../Application/RTC_DS3231_LIB/RTC.c" -mcpu=cortex-m4 -std=gnu11 -g3 -DDEBUG -DSTM32F411xE -DUSE_FULL_LL_DRIVER -DHSE_VALUE=8000000 -DHSE_STARTUP_TIMEOUT=100 -DLSE_STARTUP_TIMEOUT=5000 -DLSE_VALUE=32768 -DEXTERNAL_CLOCK_VALUE=12288000 -DHSI_VALUE=16000000 -DLSI_VALUE=32000 -DVDD_VALUE=3300 -DPREFETCH_ENABLE=1 -DINSTRUCTION_CACHE_ENABLE=1 -DDATA_CACHE_ENABLE=1 -c -I../Core/Inc -I../Drivers/STM32F4xx_HAL_Driver/Inc -I../Drivers/CMSIS/Device/ST/STM32F4xx/Include -I../Drivers/CMSIS/Include -I"F:/NAM4/Custom_bootloader_external/DUT_F411VET6/Application/i2c_cmsis_lib" -I"F:/NAM4/Custom_bootloader_external/DUT_F411VET6/Application" -I"F:/NAM4/Custom_bootloader_external/DUT_F411VET6/Application/RTC_DS3231_LIB" -I"F:/NAM4/Custom_bootloader_external/DUT_F411VET6/Application/UART_LOG" -I"F:/NAM4/Custom_bootloader_external/DUT_F411VET6/FreeRTOS/include" -I"F:/NAM4/Custom_bootloader_external/DUT_F411VET6/FreeRTOS/portable/GCC/ARM_CM4F" -I"F:/NAM4/Custom_bootloader_external/DUT_F411VET6/Application/Task_for_testing" -I"F:/NAM4/Custom_bootloader_external/DUT_F411VET6/Application/SPI_LL" -I"F:/NAM4/Custom_bootloader_external/DUT_F411VET6/Application/mcp2515" -I"F:/NAM4/Custom_bootloader_external/DUT_F411VET6/Application/canspi" -I"F:/NAM4/Custom_bootloader_external/DUT_F411VET6/Application/uart_bk" -I"F:/NAM4/Custom_bootloader_external/DUT_F411VET6/Application/Test_case" -O0 -ffunction-sections -fdata-sections -Wall -fstack-usage -fcyclomatic-complexity -MMD -MP -MF"Application/RTC_DS3231_LIB/RTC.d" -MT"Application/RTC_DS3231_LIB/RTC.o" --specs=nano.specs -mfpu=fpv4-sp-d16 -mfloat-abi=hard -mthumb -o "Application/RTC_DS3231_LIB/RTC.o"
arm-none-eabi-gcc -o "DUT_F411VET6.elf" @"objects.list"   -mcpu=cortex-m4 -T"F:\NAM4\Custom_bootloader_external\DUT_F411VET6\STM32F411VETX_FLASH.ld" --specs=nosys.specs -Wl,-Map="DUT_F411VET6.map" -Wl,--gc-sections -static --specs=nano.specs -mfpu=fpv4-sp-d16 -mfloat-abi=hard -mthumb -Wl,--start-group -lc -lm -Wl,--end-group
Finished building target: DUT_F411VET6.elf
 
arm-none-eabi-size  DUT_F411VET6.elf 
arm-none-eabi-objdump -h -S DUT_F411VET6.elf  > "DUT_F411VET6.list"
arm-none-eabi-objcopy  -O ihex DUT_F411VET6.elf  "DUT_F411VET6.hex"
   text	   data	    bss	    dec	    hex	filename
  23076	     88	  22688	  45852	   b31c	DUT_F411VET6.elf
arm-none-eabi-objcopy  -O binary DUT_F411VET6.elf  "DUT_F411VET6.bin"
Finished building: default.size.stdout
 
Finished building: DUT_F411VET6.hex
 
Finished building: DUT_F411VET6.list
Finished building: DUT_F411VET6.bin
 
 
mkdir -p "C:/ST/STM32CubeIDE_1.15.1/STM32CubeIDE/fw/hex"
find "C:/ST/STM32CubeIDE_1.15.1/STM32CubeIDE/fw/hex" -name "*.hex" -delete
arm-none-eabi-objcopy -O ihex "DUT_F411VET6.elf" "C:/ST/STM32CubeIDE_1.15.1/STM32CubeIDE/fw/hex/DUT_F411VET6.hex"
 

21:26:48 Build Finished. 0 errors, 0 warnings. (took 2s.70ms)

