08:28:59 **** Incremental Build of configuration Debug for project custom_bootloader ****
make -j16 all 
arm-none-eabi-size  custom_bootloader.elf 
   text	   data	    bss	    dec	    hex	filename
  15792	     96	   2608	  18496	   4840	custom_bootloader.elf
Finished building: default.size.stdout
 
mkdir -p "C:/ST/STM32CubeIDE_1.15.1/STM32CubeIDE/fw/hex"
find "C:/ST/STM32CubeIDE_1.15.1/STM32CubeIDE/fw/hex" -name "*.hex" -delete
arm-none-eabi-objcopy -O ihex "custom_bootloader.elf" "C:/ST/STM32CubeIDE_1.15.1/STM32CubeIDE/fw/hex/custom_bootloader.hex"
 
